[server][info] Running client on level: levels\MAsimple1.lvl
java : [Client] USE_SIMPLE_STRATEGY enabled via environment variable
At line:1 char:1
+ java -jar server.jar -l levels/MAsimple1.lvl -c "java -cp target/clas ...
+ ~~~~~~~~~~~~~~~~~~~~~~~~~~~~~~~~~~~~~~~~~~~~~~~~~~~~~~~~~~~~~~~~~~~~~
    + CategoryInfo          : NotSpecified: ([Client] USE_SI...onment variab 
   le:String) [], RemoteException
    + FullyQualifiedErrorId : NativeCommandError
 
Sent client name: HospitalClient
Parsing level...
Level parsed successfully
Level: MAsimple1
Dimensions: 6x28
Agents: 2
Initial state:
++++++++++++++++++++++++++++
+             0        A   +
+     1                B   +
+ +++++++++++++++++        +
+                          +
++++++++++++++++++++++++++++

Number of agents: 2
StrategySelector: 2 agents detected
StrategySelector: Using SimplePriorityStrategy (REFACTORED)
Trying strategy: SimplePriorityStrategy (weight=1.0, timeout=90000ms)
[SimplePriority] Starting SimplePriorityStrategy with 2 agents
[SimplePriority] Box goals: 2, Agent goals: 0
[SimplePriority] SUCCESS: Found solution with 26 actions
Success with SimplePriorityStrategy
Plan found with 26 steps
Sent: Move(E)|NoOp
Received: true|true
Sent: Move(E)|NoOp
Received: true|true
Sent: Move(E)|NoOp
Received: true|true
Sent: Move(E)|NoOp
Received: true|true
Sent: Move(E)|NoOp
Received: true|true
Sent: Move(E)|NoOp
Received: true|true
Sent: Move(E)|NoOp
Received: true|true
Sent: Move(E)|NoOp
Received: true|true
Sent: Push(E,E)|NoOp
Received: true|true
Sent: NoOp|Move(E)
Received: true|true
Sent: NoOp|Move(E)
Received: true|true
Sent: NoOp|Move(E)
Received: true|true
Sent: NoOp|Move(E)
Received: true|true
Sent: NoOp|Move(E)
Received: true|true
Sent: NoOp|Move(E)
Received: true|true
Sent: NoOp|Move(E)
Received: true|true
Sent: NoOp|Move(E)
Received: true|true
Sent: NoOp|Move(E)
Received: true|true
Sent: NoOp|Move(E)
Received: true|true
Sent: NoOp|Move(E)
Received: true|true
Sent: NoOp|Move(E)
Received: true|true
Sent: NoOp|Move(E)
Received: true|true
Sent: NoOp|Move(E)
Received: true|true
Sent: NoOp|Move(E)
Received: true|true
Sent: NoOp|Move(E)
Received: true|true
Sent: NoOp|Push(E,E)
Received: true|true
Goal reached!
[client][info] Waiting for client process to terminate by itself.
[client][info] Client terminated.
[server][info] Level solved: Yes.
[server][info] Actions used: 26.
[server][info] Time to solve: 0.103 seconds.
